Circuit: * C:\Users\Usuario\Documents\2 - ACADEMICOS\1 - FCEFyN - Ing Milanesio\4to\4 - Sintesis de Redes Activas\1 - Laboratorios\1 - Milanesio Sergio Martin\Lab4\2 - Circuitos\1 - Nuevo\Draft1.asc

Early termination of direct N-R iteration.
Direct Newton iteration failed to find .op point.  (Use ".option noopiter" to skip.)
Starting Gmin stepping
Gmin = 10
vernier = 0.5
vernier = 0.25
vernier = 0.125
vernier = 0.0625
Gmin = 8.61953
vernier = 0.03125
vernier = 0.015625
vernier = 0.0078125
vernier = 0.00390625
Gmin = 8.47038
vernier = 0.00195312
vernier = 0.000976562
vernier = 0.000488281
Gmin = 0
Gmin stepping succeeded in finding the operating point.


Date: Sun Aug 30 20:48:12 2026
Total elapsed time: 4.125 seconds.

tnom = 27
temp = 27
method = modified trap
totiter = 201408
traniter = 200034
tranpoints = 100018
accept = 100018
rejected = 0
matrix size = 60
fillins = 246
solver = Normal
Avg thread counts: 1.0/1.0/1.0/1.0
Matrix Compiler1: 19.81 KB object code size  4.3/3.2/[2.6]
Matrix Compiler2: 9.13 KB object code size  0.6/0.7/[0.4]

