Circuit: * C:\Users\Usuario\Documents\2 - ACADEMICOS\1 - FCEFyN - Ing Milanesio\4to\4 - Sintesis de Redes Activas\1 - Laboratorios\1 - Milanesio Sergio Martin\Lab4\2 - Circuitos\Lab4_Filtros Activos.asc

Early termination of direct N-R iteration.
Direct Newton iteration failed to find .op point.  (Use ".option noopiter" to skip.)
Starting Gmin stepping
Gmin = 10
vernier = 0.5
vernier = 0.25
vernier = 0.125
vernier = 0.0625
Gmin = 8.61953
vernier = 0.03125
vernier = 0.015625
vernier = 0.0078125
vernier = 0.00390625
Gmin = 8.47038
vernier = 0.00195312
vernier = 0.000976562
vernier = 0.000488281
Gmin = 0
Gmin stepping failed

Starting source stepping with srcstepmethod=0
Source Step = 3.0303%
Source Step = 33.3333%
Source Step = 63.6364%
Source Step = 93.9394%
Source stepping succeeded in finding the operating point.


Date: Fri Aug 28 18:03:51 2026
Total elapsed time: 2.504 seconds.

tnom = 27
temp = 27
method = modified trap
totiter = 101680
traniter = 100034
tranpoints = 50018
accept = 50018
rejected = 0
matrix size = 60
fillins = 259
solver = Normal
Avg thread counts: 1.0/3.0/1.1/1.0
Matrix Compiler1: 22.33 KB object code size  4.3/2.9/[2.5]
Matrix Compiler2: 9.32 KB object code size  1.0/1.0/[0.5]

