Circuit: * C:\Users\Usuario\Documents\2 - ACADEMICOS\1 - FCEFyN - Ing Milanesio\4to\4 - Sintesis de Redes Activas\1 - Laboratorios\1 - Milanesio Sergio Martin\Lab3\3 - Simulaciones\Lab3_Compensacion(VFA-CFA) (1).asc

Direct Newton iteration failed to find .op point.  (Use ".option noopiter" to skip.)
Starting Gmin stepping
Increasing initial diagonal Gmin to 100
Gmin = 100
vernier = 0.5
vernier = 0.25
vernier = 0.125
Gmin = 48.1882
vernier = 0.0625
vernier = 0.03125
vernier = 0.015625
vernier = 0.0078125
Gmin = 46.6369
vernier = 0.00390625
vernier = 0.00195312
vernier = 0.000976562
Gmin = 46.5459
vernier = 0.000488281
Gmin = 0
Gmin stepping failed

Starting source stepping with srcstepmethod=0
Source Step = 3.0303%
Source Step = 33.3333%
Source Step = 63.6364%
Source Step = 86.3636%
Source Step = 87.136%
Source Step = 87.1656%
Source Step = 87.1952%
Source Step = 87.2248%
Source Step = 87.2544%
vernier = 0.00146484
Source Step = 87.2884%
Source Step = 87.3328%
Source Step = 87.3772%
Source Step = 87.4216%
Source Step = 87.466%
vernier = 0.00219727
Source Step = 87.5148%
Source Step = 87.5814%
Source Step = 87.648%
Source Step = 87.7145%
Source Step = 87.7811%
vernier = 0.0032959
Source Step = 87.851%
Source Step = 87.9509%
Source Step = 88.0508%
Source Step = 88.1507%
Source Step = 88.2505%
Source Step = 88.3504%
vernier = 0.00494385
Source Step = 88.5002%
Source Step = 88.6501%
Source Step = 88.7999%
Source Step = 88.9497%
Source Step = 89.0995%
vernier = 0.00741577
Source Step = 89.3167%
Source Step = 89.5414%
Source Step = 89.7662%
Source Step = 89.9909%
Source Step = 90.2156%
vernier = 0.0111237
Source Step = 90.5302%
Source Step = 90.8673%
Source Step = 91.2044%
Source Step = 91.5415%
Source Step = 91.8785%
vernier = 0.0166855
Source Step = 92.3336%
Source Step = 92.8392%
Source Step = 93.3448%
Source Step = 93.8505%
Source Step = 94.3561%
vernier = 0.0250282
Source Step = 95.0134%
Source Step = 95.7718%
Source Step = 96.5302%
Source Step = 97.2887%
Source Step = 98.0471%
vernier = 0.0375423
Source Step = 98.9951%
Source stepping succeeded in finding the operating point.


Date: Thu Aug 27 15:09:48 2026
Total elapsed time: 3.558 seconds.

tnom = 27
temp = 27
method = modified trap
totiter = 207537
traniter = 203376
tranpoints = 101013
accept = 100743
rejected = 270
matrix size = 91
fillins = 202
solver = Normal
Avg thread counts: 1.0/1.0/1.0/1.0
Matrix Compiler1: 10.79 KB object code size  3.4/2.2/[1.7]
Matrix Compiler2: 11.36 KB object code size  0.7/1.1/[0.5]

