Circuit: * C:\Users\Usuario\Documents\2 - ACADEMICOS\1 - FCEFyN - Ing Milanesio\4to\4 - Sintesis de Redes Activas\1 - Laboratorios\1 - Milanesio Sergio Martin\Lab3\3 - Simulaciones\Lab3_Compensacion(VFA-VFA).asc

Early termination of direct N-R iteration.
Direct Newton iteration failed to find .op point.  (Use ".option noopiter" to skip.)
Starting Gmin stepping
Gmin = 10
vernier = 0.5
vernier = 0.25
vernier = 0.125
vernier = 0.0625
Gmin = 8.61953
vernier = 0.03125
vernier = 0.015625
vernier = 0.0078125
vernier = 0.00390625
Gmin = 8.47038
vernier = 0.00195312
vernier = 0.000976562
vernier = 0.000488281
Gmin = 0
Gmin stepping failed

Starting source stepping with srcstepmethod=0
Source Step = 3.0303%
Source Step = 33.3333%
Source Step = 63.6364%
Source Step = 93.9394%
Source stepping succeeded in finding the operating point.


Date: Wed Aug 26 14:20:51 2026
Total elapsed time: 0.055 seconds.

tnom = 27
temp = 27
method = trap
totiter = 1623
traniter = 0
tranpoints = 0
accept = 0
rejected = 0
matrix size = 56
fillins = 273
solver = Normal
Avg thread counts: 2.7/0.0/8.0/2.6
Matrix Compiler1:    1282 opcodes
Matrix Compiler2: off  [0.5]/0.6/0.5

